Create directory ./pharokka_output/VFDB_dir/
search --min-seq-id 0.8 -c 0.4 /home/karl/miniconda3/envs/pharokka/databases/vfdb ./pharokka_output/VFDB_target_dir/target_seqs ./pharokka_output/VFDB/results_mmseqs ./pharokka_output/VFDB_dir/ -s 8.5 --threads 4 

MMseqs Version:                        	16.747c6
Substitution matrix                    	aa:blosum62.out,nucl:nucleotide.out
Add backtrace                          	false
Alignment mode                         	2
Alignment mode                         	0
Allow wrapped scoring                  	false
E-value threshold                      	0.001
Seq. id. threshold                     	0.8
Min alignment length                   	0
Seq. id. mode                          	0
Alternative alignments                 	0
Coverage threshold                     	0.4
Coverage mode                          	0
Max sequence length                    	65535
Compositional bias                     	1
Compositional bias                     	1
Max reject                             	2147483647
Max accept                             	2147483647
Include identical seq. id.             	false
Preload mode                           	0
Pseudo count a                         	substitution:1.100,context:1.400
Pseudo count b                         	substitution:4.100,context:5.800
Score bias                             	0
Realign hits                           	false
Realign score bias                     	-0.2
Realign max seqs                       	2147483647
Correlation score weight               	0
Gap open cost                          	aa:11,nucl:5
Gap extension cost                     	aa:1,nucl:2
Zdrop                                  	40
Threads                                	4
Compressed                             	0
Verbosity                              	3
Seed substitution matrix               	aa:VTML80.out,nucl:nucleotide.out
Sensitivity                            	8.5
k-mer length                           	0
Target search mode                     	0
k-score                                	seq:2147483647,prof:2147483647
Alphabet size                          	aa:21,nucl:5
Max results per query                  	300
Split database                         	0
Split mode                             	2
Split memory limit                     	0
Diagonal scoring                       	true
Exact k-mer matching                   	0
Mask residues                          	1
Mask residues probability              	0.9
Mask lower case residues               	0
Minimum diagonal score                 	15
Selected taxa                          	
Spaced k-mers                          	1
Spaced k-mer pattern                   	
Local temporary path                   	
Use GPU                                	0
Use GPU server                         	0
Prefilter mode                         	0
Rescore mode                           	0
Remove hits by seq. id. and coverage   	false
Sort results                           	0
Mask profile                           	1
Profile E-value threshold              	0.1
Global sequence weighting              	false
Allow deletions                        	false
Filter MSA                             	1
Use filter only at N seqs              	0
Maximum seq. id. threshold             	0.9
Minimum seq. id.                       	0.0
Minimum score per column               	-20
Minimum coverage                       	0
Select N most diverse seqs             	1000
Pseudo count mode                      	0
Min codons in orf                      	30
Max codons in length                   	32734
Max orf gaps                           	2147483647
Contig start mode                      	2
Contig end mode                        	2
Orf start mode                         	1
Forward frames                         	1,2,3
Reverse frames                         	1,2,3
Translation table                      	1
Translate orf                          	0
Use all table starts                   	false
Offset of numeric ids                  	0
Create lookup                          	0
Overlap between sequences              	0
Sequence split mode                    	1
Header split mode                      	0
Chain overlapping alignments           	0
Merge query                            	1
Search type                            	0
Search iterations                      	1
Start sensitivity                      	4
Search steps                           	1
Exhaustive search mode                 	false
Filter results during exhaustive search	0
Strand selection                       	1
LCA search mode                        	false
Disk space limit                       	0
MPI runner                             	
Force restart with latest tmp          	false
Remove temporary files                 	false
Translation mode                       	0

prefilter /home/karl/miniconda3/envs/pharokka/databases/vfdb ./pharokka_output/VFDB_target_dir/target_seqs ./pharokka_output/VFDB_dir//656267258624609170/pref_0 --sub-mat 'aa:blosum62.out,nucl:nucleotide.out' --seed-sub-mat 'aa:VTML80.out,nucl:nucleotide.out' -k 0 --target-search-mode 0 --k-score seq:2147483647,prof:2147483647 --alph-size aa:21,nucl:5 --max-seq-len 65535 --max-seqs 300 --split 0 --split-mode 2 --split-memory-limit 0 -c 0.4 --cov-mode 0 --comp-bias-corr 1 --comp-bias-corr-scale 1 --diag-score 1 --exact-kmer-matching 0 --mask 1 --mask-prob 0.9 --mask-lower-case 0 --min-ungapped-score 15 --add-self-matches 0 --spaced-kmer-mode 1 --db-load-mode 0 --pca substitution:1.100,context:1.400 --pcb substitution:4.100,context:5.800 --threads 4 --compressed 0 -v 3 -s 8.5 

Query database size: 7015 type: Aminoacid
Estimated memory consumption: 985M
Target database size: 5246 type: Aminoacid
Index table k-mer threshold: 87 at k-mer size 6 
Index table: counting k-mers
[=================================================================] 5.25K 0s 56ms
Index table: Masked residues: 0
Index table: fill
[=================================================================] 5.25K 0s 64ms
Index statistics
Entries:          887944
DB size:          493 MB
Avg k-mer size:   0.013874
Top 10 k-mers
    DGFFGA	19
    LTEKVD	18
    SLIFIG	18
    LALSKG	18
    MKREQG	18
    FYWYLI	18
    VVGALK	18
    TAGTDL	18
    YDPRFL	18
    EFSFAR	18
Time for index table init: 0h 0m 0s 714ms
Process prefiltering step 1 of 1

k-mer similarity threshold: 87
Starting prefiltering scores calculation (step 1 of 1)
Query db start 1 to 7015
Target db start 1 to 5246
[=================================================================] 7.01K 1m 30s 694ms

3154.686562 k-mers per position
22614 DB matches per sequence
0 overflows
242 sequences passed prefiltering per query sequence
300 median result list length
5 sequences with 0 size result lists
Time for merging to pref_0: 0h 0m 0s 193ms
Time for processing: 0h 1m 32s 720ms
align /home/karl/miniconda3/envs/pharokka/databases/vfdb ./pharokka_output/VFDB_target_dir/target_seqs ./pharokka_output/VFDB_dir//656267258624609170/pref_0 ./pharokka_output/VFDB/results_mmseqs --sub-mat 'aa:blosum62.out,nucl:nucleotide.out' -a 0 --alignment-mode 2 --alignment-output-mode 0 --wrapped-scoring 0 -e 0.001 --min-seq-id 0.8 --min-aln-len 0 --seq-id-mode 0 --alt-ali 0 -c 0.4 --cov-mode 0 --max-seq-len 65535 --comp-bias-corr 1 --comp-bias-corr-scale 1 --max-rejected 2147483647 --max-accept 2147483647 --add-self-matches 0 --db-load-mode 0 --pca substitution:1.100,context:1.400 --pcb substitution:4.100,context:5.800 --score-bias 0 --realign 0 --realign-score-bias -0.2 --realign-max-seqs 2147483647 --corr-score-weight 0 --gap-open aa:11,nucl:5 --gap-extend aa:1,nucl:2 --zdrop 40 --threads 4 --compressed 0 -v 3 

Compute score and coverage
Query database size: 7015 type: Aminoacid
Target database size: 5246 type: Aminoacid
Calculation of alignments
[=================================================================] 7.01K 7s 419ms
Time for merging to results_mmseqs: 0h 0m 0s 156ms
993395 alignments calculated
0 sequence pairs passed the thresholds (0.000000 of overall calculated)
0.000000 hits per query sequence
Time for processing: 0h 0m 7s 667ms
