Status: Running Infernal analysis
Sequence   		tRNA 	Bounds	tRNA	Anti	Intron Bounds	Inf	      
Name       	tRNA #	Begin	End  	Type	Codon	Begin	End	Score	Note
--------   	------	-----	------	----	-----	-----	----	------	------
LN610572.1 	1	22607	22681	Gln	TTG	0	0	54.5	
LN610572.1 	2	22762	22835	Trp	CCA	0	0	26.2	
LN610572.1 	3	22886	22957	Arg	TCT	0	0	55.6	
LN610572.1 	4	22968	23041	Lys	TTT	0	0	37.9	
LN610572.1 	5	23222	23308	Ser	AGA	0	0	23.8	pseudo
LN610572.1 	6	23318	23399	Leu	TAG	0	0	61.1	
LN610572.1 	7	23613	23685	Ile	GAT	0	0	67.4	
LN610572.1 	8	23698	23773	Asp	GTC	0	0	58.6	
LN610572.1 	9	23782	23864	Tyr	GTA	0	0	26.2	pseudo
LN610572.1 	10	24187	24263	Cys	GCA	0	0	48.9	
LN610572.1 	11	24273	24346	Asn	GTT	0	0	31.3	pseudo
LN610572.1 	12	24414	24489	Pro	TGG	0	0	69.4	
LN610572.1 	13	24497	24570	Gly	TCC	0	0	60.7	
LN610572.1 	14	24636	24708	Phe	GAA	0	0	30.0	
LN610572.1 	15	24718	24793	Glu	TTC	0	0	62.7	
LN610572.1 	16	25115	25186	Thr	TGT	0	0	21.5	pseudo
LN610573.1 	1	25022	25091	Asn	GTT	0	0	25.9	pseudo
LN610573.1 	2	25149	25233	Tyr	GTA	0	0	65.4	
LN610573.1 	3	25438	25510	Gln	TTG	0	0	60.1	
LN610575.1 	1	22665	22739	Gln	TTG	0	0	54.5	
LN610575.1 	2	22820	22893	Trp	CCA	0	0	26.2	
LN610575.1 	3	22944	23015	Arg	TCT	0	0	55.6	
LN610575.1 	4	23026	23099	Lys	TTT	0	0	37.9	
LN610575.1 	5	23280	23366	Ser	AGA	0	0	23.8	pseudo
LN610575.1 	6	23376	23457	Leu	TAG	0	0	61.1	
LN610575.1 	7	23670	23742	Ile	GAT	0	0	67.4	
LN610575.1 	8	23755	23830	Asp	GTC	0	0	58.6	
LN610575.1 	9	23839	23921	Tyr	GTA	0	0	26.2	pseudo
LN610575.1 	10	24244	24320	Cys	GCA	0	0	48.9	
LN610575.1 	11	24330	24403	Asn	GTT	0	0	31.3	pseudo
LN610575.1 	12	24471	24546	Pro	TGG	0	0	69.4	
LN610575.1 	13	24554	24627	Gly	TCC	0	0	60.7	
LN610575.1 	14	24693	24765	Phe	GAA	0	0	29.3	pseudo
LN610575.1 	15	24775	24850	Glu	TTC	0	0	67.6	
LN610575.1 	16	25172	25243	Thr	TGT	0	0	21.5	pseudo
LN610576.1 	1	25163	25232	Asn	GTT	0	0	25.9	pseudo
LN610576.1 	2	25290	25374	Tyr	GTA	0	0	69.5	
LN610576.1 	3	25579	25651	Gln	TTG	0	0	60.1	
LN610578.1 	1	45060	44988	Asn	GTT	0	0	68.2	
LN610578.1 	2	44979	44896	Tyr	GTA	0	0	22.0	pseudo
LN610578.1 	3	44886	44812	Pro	TGG	0	0	67.2	
LN610581.1 	1	24899	24968	Asn	GTT	0	0	34.5	
LN610581.1 	2	25026	25110	Tyr	GTA	0	0	81.1	
LN610581.1 	3	25315	25387	Gln	TTG	0	0	60.1	
LN610582.1 	1	23550	23619	Asn	GTT	0	0	25.9	pseudo
LN610582.1 	2	23677	23761	Tyr	GTA	0	0	69.5	
LN610582.1 	3	23966	24038	Gln	TTG	0	0	60.1	
LN610583.1 	1	24011	24080	Asn	GTT	0	0	27.4	
LN610583.1 	2	24138	24222	Tyr	GTA	0	0	81.1	
LN610583.1 	3	24427	24499	Gln	TTG	0	0	60.1	
LN610586.1 	1	22606	22680	Gln	TTG	0	0	54.5	
LN610586.1 	2	22761	22834	Trp	CCA	0	0	26.2	
LN610586.1 	3	22885	22956	Arg	TCT	0	0	55.6	
LN610586.1 	4	22967	23040	Lys	TTT	0	0	37.9	
LN610586.1 	5	23221	23307	Ser	AGA	0	0	23.8	pseudo
LN610586.1 	6	23317	23398	Leu	TAG	0	0	61.1	
LN610586.1 	7	23611	23683	Ile	GAT	0	0	67.4	
LN610586.1 	8	23696	23771	Asp	GTC	0	0	58.6	
LN610586.1 	9	23780	23862	Tyr	GTA	0	0	26.2	pseudo
LN610586.1 	10	24185	24261	Cys	GCA	0	0	48.9	
LN610586.1 	11	24271	24344	Asn	GTT	0	0	31.3	pseudo
LN610586.1 	12	24412	24487	Pro	TGG	0	0	69.4	
LN610586.1 	13	24495	24568	Gly	TCC	0	0	60.7	
LN610586.1 	14	24634	24706	Phe	GAA	0	0	30.0	
LN610586.1 	15	24716	24791	Glu	TTC	0	0	62.7	
LN610586.1 	16	25113	25184	Thr	TGT	0	0	21.5	pseudo
LN610587.1 	1	22367	22441	Gln	TTG	0	0	54.5	
LN610587.1 	2	22522	22595	Trp	CCA	0	0	26.2	
LN610587.1 	3	22646	22718	Arg	TCT	0	0	61.3	
LN610587.1 	4	22729	22802	Lys	TTT	0	0	38.7	pseudo
LN610587.1 	5	22971	23057	Ser	AGA	0	0	23.9	pseudo
LN610587.1 	6	23067	23148	Leu	TAG	0	0	61.1	
LN610587.1 	7	23357	23429	Ile	GAT	0	0	66.6	
LN610587.1 	8	23442	23517	Asp	GTC	0	0	58.6	
LN610587.1 	9	23526	23608	Tyr	GTA	0	0	26.2	pseudo
LN610587.1 	10	23974	24050	Cys	GCA	0	0	54.4	
LN610587.1 	11	24061	24133	Asn	GTT	0	0	69.2	
LN610587.1 	12	24201	24276	Pro	TGG	0	0	69.4	
LN610587.1 	13	24448	24523	Gly	TCC	0	0	67.6	
LN610587.1 	14	24612	24687	Glu	TTC	0	0	67.6	
OM870967.1 	1	86019	86093	Gln	TTG	0	0	57.2	
OM870967.1 	2	86174	86247	Trp	CCA	0	0	32.8	
OM870967.1 	3	86398	86469	Arg	TCT	0	0	60.9	
OM870967.1 	4	86480	86554	Lys	TTT	0	0	31.3	pseudo
OM870967.1 	5	86736	86822	Ser	AGA	0	0	23.1	pseudo
OM870967.1 	6	86832	86913	Leu	TAG	0	0	61.1	
OM870967.1 	7	87127	87199	Ile	GAT	0	0	76.1	
OM870967.1 	8	87212	87287	Asp	GTC	0	0	59.6	
OM870967.1 	9	87296	87378	Tyr	GTA	0	0	26.2	pseudo
OM870967.1 	10	87700	87776	Cys	GCA	0	0	54.4	
OM870967.1 	11	87787	87859	Asn	GTT	0	0	65.8	
OM870967.1 	12	87928	88003	Pro	TGG	0	0	69.4	
OM870967.1 	13	88010	88085	Gly	TCC	0	0	67.6	
OM870967.1 	14	88092	88165	Phe	GAA	0	0	64.1	
OM870967.1 	15	88175	88250	Glu	TTC	0	0	67.6	
OM870967.1 	16	88572	88643	Thr	TGT	0	0	21.5	pseudo
OM870968.1 	1	85201	85275	Gln	TTG	0	0	57.2	
OM870968.1 	2	85356	85429	Trp	CCA	0	0	32.8	
OM870968.1 	3	85580	85651	Arg	TCT	0	0	60.9	
OM870968.1 	4	85662	85736	Lys	TTT	0	0	31.3	pseudo
OM870968.1 	5	85918	86004	Ser	AGA	0	0	23.1	pseudo
OM870968.1 	6	86014	86095	Leu	TAG	0	0	61.1	
OM870968.1 	7	86309	86381	Ile	GAT	0	0	76.1	
OM870968.1 	8	86394	86469	Asp	GTC	0	0	59.6	
OM870968.1 	9	86478	86560	Tyr	GTA	0	0	26.2	pseudo
OM870968.1 	10	86882	86958	Cys	GCA	0	0	54.4	
OM870968.1 	11	86969	87044	Asn	GTT	0	0	65.8	
OM870968.1 	12	87110	87185	Pro	TGG	0	0	69.4	
OM870968.1 	13	87192	87267	Gly	TCC	0	0	67.6	
OM870968.1 	14	87274	87347	Phe	GAA	0	0	64.1	
OM870968.1 	15	87357	87432	Glu	TTC	0	0	67.6	
OM870968.1 	16	87754	87825	Thr	TGT	0	0	21.5	pseudo
OM870969.1 	1	90138	90212	Gln	TTG	0	0	55.2	
OM870969.1 	2	90293	90366	Trp	CCA	0	0	26.2	
OM870969.1 	3	90417	90488	Arg	TCT	0	0	55.6	
OM870969.1 	4	90499	90571	Lys	TTT	0	0	43.9	
OM870969.1 	5	90741	90827	Ser	AGA	0	0	22.0	pseudo
OM870969.1 	6	90837	90918	Leu	TAG	0	0	61.1	
OM870969.1 	7	91132	91204	Ile	GAT	0	0	76.1	
OM870969.1 	8	91217	91292	Asp	GTC	0	0	59.6	
OM870969.1 	9	91301	91383	Tyr	GTA	0	0	26.2	pseudo
OM870969.1 	10	91705	91781	Cys	GCA	0	0	54.4	
OM870969.1 	11	91792	91867	Asn	GTT	0	0	65.8	
OM870969.1 	12	91933	92008	Pro	TGG	0	0	69.4	
OM870969.1 	13	92015	92090	Gly	TCC	0	0	67.6	
OM870969.1 	14	92097	92170	Phe	GAA	0	0	64.1	
OM870969.1 	15	92180	92255	Glu	TTC	0	0	67.6	
OM870969.1 	16	92577	92648	Thr	TGT	0	0	21.5	pseudo
OM870970.1 	1	89332	89406	Gln	TTG	0	0	54.8	
OM870970.1 	2	89485	89558	Trp	CCA	0	0	26.7	
OM870970.1 	3	89711	89782	Arg	TCT	0	0	57.7	
OM870970.1 	4	90259	90328	Undet	NNN	0	0	24.7	pseudo
OM870970.1 	5	90506	90592	Ser	AGA	0	0	22.0	pseudo
OM870970.1 	6	90602	90683	Leu	TAG	0	0	61.1	
OM870970.1 	7	90893	90965	Ile	GAT	0	0	66.6	
OM870970.1 	8	90978	91053	Asp	GTC	0	0	58.6	
OM870970.1 	9	91062	91144	Tyr	GTA	0	0	26.2	pseudo
OM870970.1 	10	91510	91586	Cys	GCA	0	0	54.4	
OM870970.1 	11	91597	91669	Asn	GTT	0	0	64.0	
OM870970.1 	12	91738	91813	Pro	TGG	0	0	67.8	
OM870970.1 	13	91820	91895	Gly	TCC	0	0	66.8	
OM870970.1 	14	91902	91978	Phe	GAA	0	0	55.1	
OM870970.1 	15	91985	92060	Glu	TTC	0	0	64.7	
OM870970.1 	16	92382	92453	Thr	TGT	0	0	21.5	pseudo
OQ411628.1 	1	5512 	5586 	Gln	TTG	0	0	56.0	
OQ411628.1 	2	5667 	5740 	Trp	CCA	0	0	26.2	
OQ411628.1 	3	5892 	5963 	Arg	TCT	0	0	57.7	
OQ411628.1 	4	5978 	6052 	Lys	TTT	0	0	32.6	pseudo
OQ411628.1 	5	6327 	6408 	Leu	TAG	0	0	61.1	
OQ411628.1 	6	6620 	6692 	Ile	GAT	0	0	78.9	
OQ411628.1 	7	6705 	6780 	Asp	GTC	0	0	59.6	
OQ411628.1 	8	6789 	6871 	Tyr	GTA	0	0	26.2	pseudo
OQ411628.1 	9	7194 	7270 	Cys	GCA	0	0	48.9	
OQ411628.1 	10	7281 	7353 	Asn	GTT	0	0	69.2	
OQ411628.1 	11	7421 	7496 	Pro	TGG	0	0	67.8	
OQ411628.1 	12	7667 	7742 	Gly	TCC	0	0	67.6	
OQ411628.1 	13	8263 	8336 	Phe	GAA	0	0	60.9	
OQ411628.1 	14	8346 	8421 	Glu	TTC	0	0	64.7	
PP456877.1 	1	27504	27585	Leu	TAA	0	0	60.6	
PP456877.1 	2	27598	27670	Pro	TGG	0	0	76.8	
PP456877.1 	3	27996	28069	Met	CAT	0	0	84.3	
PP456877.1 	4	29045	29118	Asp	GTC	0	0	75.8	
PP456877.1 	5	29128	29200	Asn	GTT	0	0	75.4	
PP456877.1 	6	32420	32492	Asn	GTT	0	0	75.4	
PP456877.1 	7	34539	34612	Thr	TGT	0	0	77.4	
PP456878.1 	1	29051	29132	Leu	TAA	0	0	60.6	
PP456878.1 	2	29145	29217	Pro	TGG	0	0	76.8	
PP456878.1 	3	29542	29615	Met	CAT	0	0	84.3	
PP456878.1 	4	30591	30664	Asp	GTC	0	0	75.8	
PP456878.1 	5	30674	30746	Asn	GTT	0	0	75.4	
PP456878.1 	6	32800	32872	Asn	GTT	0	0	75.4	
PP456878.1 	7	34919	34992	Thr	TGT	0	0	77.4	
PP456879.1 	1	28360	28441	Leu	TAA	0	0	60.6	
PP456879.1 	2	28454	28526	Pro	TGG	0	0	76.8	
PP456879.1 	3	28852	28925	Met	CAT	0	0	84.3	
PP456879.1 	4	29901	29974	Asp	GTC	0	0	75.8	
PP456879.1 	5	29984	30056	Asn	GTT	0	0	75.4	
PP456879.1 	6	32110	32182	Asn	GTT	0	0	67.0	
PP456879.1 	7	34229	34302	Thr	TGT	0	0	77.4	
PP968062.1 	1	9451 	9532 	Leu	TAA	0	0	57.9	
PP968062.1 	2	10483	10555	Asn	GTT	0	0	61.7	
PP968062.1 	3	13335	13420	Tyr	GTA	0	0	54.5	
PP968062.1 	4	15558	15640	Leu	TAG	0	0	50.7	
PP968062.1 	5	16284	16370	Thr	TGT	0	0	58.4	
PP968062.1 	6	16377	16464	Phe	AAA	0	0	39.1	
PP968062.1 	7	16610	16684	Asp	GTC	0	0	64.3	
